---
source: src/lib.rs
expression: result
---
[
    Polyline(
        [
            CoordinatePair {
                x: 0.10650371,
                y: 93.221877,
            },
            CoordinatePair {
                x: 0.41090308101851847,
                y: 92.85314427314816,
            },
            CoordinatePair {
                x: 1.2944036148148146,
                y: 91.9647211851852,
            },
            CoordinatePair {
                x: 2.7124589425000005,
                y: 90.88327037500001,
            },
            CoordinatePair {
                x: 4.620522695185185,
                y: 89.93545448148149,
            },
            CoordinatePair {
                x: 6.974048503981481,
                y: 89.44793614351855,
            },
            CoordinatePair {
                x: 9.72849,
                y: 89.74737800000001,
            },
            CoordinatePair {
                x: 11.816838239067057,
                y: 90.65204342857145,
            },
            CoordinatePair {
                x: 13.147770565597668,
                y: 91.87930191836736,
            },
            CoordinatePair {
                x: 13.880250822157432,
                y: 93.26084391836734,
            },
            CoordinatePair {
                x: 14.173242851311953,
                y: 94.62835987755103,
            },
            CoordinatePair {
                x: 14.185710495626815,
                y: 95.81354024489796,
            },
            CoordinatePair {
                x: 14.076617597667632,
                y: 96.64807546938775,
            },
            CoordinatePair {
                x: 14.004928,
                y: 96.96365600000001,
            },
        ],
    ),
]
