---
source: src/lib.rs
expression: result
---
[
    Polyline(
        [
            CoordinatePair {
                x: 0.10650371,
                y: 93.221877,
            },
            CoordinatePair {
                x: 1.294403614814815,
                y: 91.96472118518521,
            },
            CoordinatePair {
                x: 2.6361703106158494,
                y: 90.93256152046511,
            },
            CoordinatePair {
                x: 4.620522695185185,
                y: 89.9354544814815,
            },
            CoordinatePair {
                x: 6.885789998771603,
                y: 89.45353374978681,
            },
            CoordinatePair {
                x: 9.72849,
                y: 89.74737800000001,
            },
            CoordinatePair {
                x: 12.196509552744402,
                y: 90.92131377228664,
            },
            CoordinatePair {
                x: 13.450575259259264,
                y: 92.33098488888892,
            },
            CoordinatePair {
                x: 14.083775088013304,
                y: 94.01611039126513,
            },
            CoordinatePair {
                x: 14.20291140740741,
                y: 95.44912911111113,
            },
            CoordinatePair {
                x: 14.004928,
                y: 96.96365600000001,
            },
        ],
    ),
]
